// Jest Snapshot v1, https://goo.gl/fbAQLP

exports[`renders 1`] = `
Array [
  <h2
    className="c-projects-header__subheader"
  >
    Featured Projects
  </h2>,
  <a
    className="c-banner c-banner--responsive c-banner--lg-9 c-banner--no-margin-top c-banner--default"
    href="/projects/better-bus-project"
  >
    <div
      className="hidden-sm-up"
    >
      <div
        className="row"
      >
        <div
          className="c-banner__image c-banner__image--responsive c-banner__image--default"
          style={
            Object {
              "backgroundImage": "url(https://live-mbta.pantheonsite.io/sites/default/files/styles/teaser/public/projects/betterbus/betterbus-banner-large.png?itok=qWyWNEZq)",
            }
          }
        >
          <div
            className="sr-only"
          >
            Better Bus Project: Making transit better together
          </div>
        </div>
        <div
          className="c-banner__content c-banner__content--responsive-side-by-side c-banner__content--left u-bg--unknown"
        >
          <div
            className="c-banner__top"
          >
            <h2
              className="h2 c-banner__title c-banner__title--default"
            >
              Better Bus Project
            </h2>
          </div>
          <div
            className="c-banner__bottom"
          >
            <span
              className="c-banner__date"
            >
              Updated 
              July 30, 2019
            </span>
          </div>
        </div>
      </div>
    </div>
    <div
      className="hidden-xs-down hidden-lg-up"
    >
      <div
        className="row"
      >
        <div
          className="c-banner__image c-banner__image--responsive-side-by-side c-banner--responsive-no-margin c-banner__image--default"
        >
          <div
            className="c-banner__content c-banner__content--responsive-side-by-side c-banner__content--left u-bg--unknown"
          >
            <div
              className="c-banner__top"
            >
              <h2
                className="h2 c-banner__title c-banner__title--default"
              >
                Better Bus Project
              </h2>
            </div>
            <div
              className="c-banner__bottom"
            >
              <span
                className="c-banner__date"
              >
                Updated 
                July 30, 2019
              </span>
            </div>
          </div>
          <img
            alt="Better Bus Project: Making transit better together"
            className="c-banner__image--by-side"
            src="https://live-mbta.pantheonsite.io/sites/default/files/styles/teaser/public/projects/betterbus/betterbus-banner-large.png?itok=qWyWNEZq"
          />
          <div
            className="sr-only"
          >
            Better Bus Project: Making transit better together
          </div>
        </div>
      </div>
    </div>
    <div
      className="hidden-md-down"
    >
      <div
        className="c-banner__image c-banner__image--responsive-side-by-side c-banner--responsive-no-margin c-banner__image--default"
      >
        <div
          className="c-banner__content c-banner__content--responsive-side-by-side c-banner__content--left u-bg--unknown"
        >
          <div
            className="c-banner__top"
          >
            <h2
              className="h2 c-banner__title c-banner__title--default"
            >
              Better Bus Project
            </h2>
          </div>
          <div
            className="c-banner__bottom"
          >
            <span
              className="c-banner__date"
            >
              Updated 
              July 30, 2019
            </span>
          </div>
        </div>
        <img
          alt="Better Bus Project: Making transit better together"
          className="c-banner__image--by-side"
          src="https://live-mbta.pantheonsite.io/sites/default/files/styles/teaser/public/projects/betterbus/betterbus-banner-large.png?itok=qWyWNEZq"
        />
        <div
          className="sr-only"
        >
          Better Bus Project: Making transit better together
        </div>
      </div>
    </div>
  </a>,
]
`;
