// Jest Snapshot v1, https://goo.gl/fbAQLP

exports[`renders 1`] = `
<div
  className="m-featured-project-list"
>
  <div
    className="page-section"
  >
    <div
      className="m-featured-project-list__row"
    >
      <div
        className="m-featured-project"
      >
        <a
          href="/choo-choo"
        >
          <div
            className="m-featured-project__image"
          >
            <img
              alt="Picture of a train. Choo choo!"
              src="https://www.imagehost.com/pictureofatrain.jpg"
            />
          </div>
          <h3
            className="m-featured-project__title"
          >
            New choo-choos!
          </h3>
          <div
            className="m-featured-project__date"
          >
            Updated on 
            May 1, 2018
          </div>
          We bought new trains. Choo choo!
          <div
            className="m-route-pills"
          >
            <span
              aria-hidden="false"
              className="notranslate c-svg__icon m-featured-project__route-icon"
              dangerouslySetInnerHTML={
                Object {
                  "__html": "SVG",
                }
              }
            />
            <span
              className="m-stop-page__header-feature m-stop-page__header-description u-small-caps u-bg--commuter-rail"
            >
              Commuter Rail
            </span>
          </div>
        </a>
      </div>
      <div
        className="m-featured-project"
      >
        <a
          href="/fixing-track"
        >
          <div
            className="m-featured-project__image"
          >
            <img
              alt="People fixing track or something"
              src="https://www.imagehost.com/pictureofworkers.jpg"
            />
          </div>
          <h3
            className="m-featured-project__title"
          >
            Track fixing
          </h3>
          <div
            className="m-featured-project__date"
          >
            Updated on 
            April 1, 2018
          </div>
          We're fixing the track. It needs it.
          <div
            className="m-route-pills"
          >
            <span
              className="m-stop-page__header-feature m-stop-page__header-description u-small-caps u-bg--blue-line"
            >
              Blue Line
            </span>
          </div>
        </a>
      </div>
    </div>
    <div
      className="m-featured-project-list__row"
    >
      <div
        className="m-featured-project"
      >
        <a
          href="/east-station"
        >
          <div
            className="m-featured-project__image"
          >
            <img
              alt="Facade of East Station"
              src="https://www.imagehost.com/pictureofastation.jpg"
            />
          </div>
          <h3
            className="m-featured-project__title"
          >
            East Station opening
          </h3>
          <div
            className="m-featured-project__date"
          >
            Updated on 
            March 1, 2018
          </div>
          We opened East Station, even though it's on the harbor floor.
          <div
            className="m-route-pills"
          >
            <span
              className="m-stop-page__header-feature m-stop-page__header-description u-small-caps u-bg--red-line"
            >
              Red Line
            </span>
          </div>
        </a>
      </div>
      <div
        className="m-featured-project"
      >
        <a
          href="/east-station"
        >
          <div
            className="m-featured-project__image"
          >
            <img
              alt="MBTA logo"
              src="https://www.example.com/someimage.png"
            />
          </div>
          <h3
            className="m-featured-project__title"
          >
            East Station opening
          </h3>
          <div
            className="m-featured-project__date"
          >
            Updated on 
            March 1, 2018
          </div>
          We opened East Station, even though it's on the harbor floor.
          <div
            className="m-route-pills"
          >
            <span
              className="m-stop-page__header-feature m-stop-page__header-description u-small-caps u-bg--red-line"
            >
              Red Line
            </span>
          </div>
        </a>
      </div>
    </div>
  </div>
</div>
`;
