// Jest Snapshot v1, https://goo.gl/fbAQLP

exports[`renders with route icons and status 1`] = `
<tr
  className="m-more-projects-table__tr"
>
  <td
    className="m-more-projects-table__td m-more-projects-table__td-project"
  >
    <img
      alt="Picture of the new Mauve Line train"
      className="hidden-xs-down m-more-projects-table__thumbnail"
      src="http://cloudfront.com/mbta_pic.gif"
    />
    <div
      className="m-more-projects-table__wrapper"
    >
      <a
        href="http://www.mbta.com/new_mauve_line"
      >
        <h3
          className="m-more-projects-table__title"
        >
          New Mauve Line trains
        </h3>
      </a>
      <div
        className="m-more-projects-table__updated-and-status hidden-lg-up"
      >
        <div
          className="m-more-projects-table__last-updated"
        >
          <span
            className="m-more-projects-table__internal-header"
          >
            Last updated
          </span>
          <br />
          May 1, 2018
          <br />
          <span
            aria-hidden="false"
            className="notranslate c-svg__icon m-more-projects-table__route-icon hidden-lg-up"
            dangerouslySetInnerHTML={
              Object {
                "__html": "SVG",
              }
            }
          />
          <span
            aria-hidden="false"
            className="notranslate c-svg__icon m-more-projects-table__route-icon hidden-lg-up"
            dangerouslySetInnerHTML={
              Object {
                "__html": "SVG",
              }
            }
          />
          <span
            aria-hidden="false"
            className="notranslate c-svg__icon m-more-projects-table__route-icon hidden-lg-up"
            dangerouslySetInnerHTML={
              Object {
                "__html": "SVG",
              }
            }
          />
          <span
            aria-hidden="false"
            className="notranslate c-svg__icon m-more-projects-table__route-icon hidden-lg-up"
            dangerouslySetInnerHTML={
              Object {
                "__html": "SVG",
              }
            }
          />
          <span
            aria-hidden="false"
            className="notranslate c-svg__icon m-more-projects-table__route-icon hidden-lg-up"
            dangerouslySetInnerHTML={
              Object {
                "__html": "SVG",
              }
            }
          />
          <span
            aria-hidden="false"
            className="notranslate c-svg__icon m-more-projects-table__route-icon hidden-lg-up"
            dangerouslySetInnerHTML={
              Object {
                "__html": "SVG",
              }
            }
          />
          <span
            aria-hidden="false"
            className="notranslate c-svg__icon m-more-projects-table__route-icon hidden-lg-up"
            dangerouslySetInnerHTML={
              Object {
                "__html": "SVG",
              }
            }
          />
          <span
            aria-hidden="false"
            className="notranslate c-svg__icon m-more-projects-table__route-icon hidden-lg-up"
            dangerouslySetInnerHTML={
              Object {
                "__html": "SVG",
              }
            }
          />
          <span
            aria-hidden="false"
            className="notranslate c-svg__icon m-more-projects-table__route-icon hidden-lg-up"
            dangerouslySetInnerHTML={
              Object {
                "__html": "SVG",
              }
            }
          />
          <span
            aria-hidden="false"
            className="notranslate c-svg__icon m-more-projects-table__route-icon hidden-lg-up"
            dangerouslySetInnerHTML={
              Object {
                "__html": "SVG",
              }
            }
          />
          <span
            aria-hidden="false"
            className="notranslate c-svg__icon m-more-projects-table__route-icon hidden-lg-up"
            dangerouslySetInnerHTML={
              Object {
                "__html": "SVG",
              }
            }
          />
          <span
            aria-hidden="false"
            className="notranslate c-svg__icon m-more-projects-table__route-icon hidden-lg-up"
            dangerouslySetInnerHTML={
              Object {
                "__html": "SVG",
              }
            }
          />
          <span
            aria-hidden="false"
            className="notranslate c-svg__icon m-more-projects-table__route-icon hidden-lg-up"
            dangerouslySetInnerHTML={
              Object {
                "__html": "SVG",
              }
            }
          />
          <span
            aria-hidden="false"
            className="notranslate c-svg__icon m-more-projects-table__route-icon hidden-lg-up"
            dangerouslySetInnerHTML={
              Object {
                "__html": "SVG",
              }
            }
          />
        </div>
        <div
          className="m-more-projects-table__status"
        >
          <span
            className="m-more-projects-table__internal-header"
          >
            Status
          </span>
          <br />
          <i
            className="fa m-more-projects-table__status-icon m-more-projects-table__status-icon--contract-awarded"
          />
           
          <span
            className="m-more-projects-table__status-text m-more-projects-table__status-text--contract-awarded"
          >
            Contract awarded
          </span>
        </div>
      </div>
      <span
        aria-hidden="false"
        className="notranslate c-svg__icon m-more-projects-table__route-icon hidden-md-down"
        dangerouslySetInnerHTML={
          Object {
            "__html": "SVG",
          }
        }
      />
      <span
        aria-hidden="false"
        className="notranslate c-svg__icon m-more-projects-table__route-icon hidden-md-down"
        dangerouslySetInnerHTML={
          Object {
            "__html": "SVG",
          }
        }
      />
      <span
        aria-hidden="false"
        className="notranslate c-svg__icon m-more-projects-table__route-icon hidden-md-down"
        dangerouslySetInnerHTML={
          Object {
            "__html": "SVG",
          }
        }
      />
      <span
        aria-hidden="false"
        className="notranslate c-svg__icon m-more-projects-table__route-icon hidden-md-down"
        dangerouslySetInnerHTML={
          Object {
            "__html": "SVG",
          }
        }
      />
      <span
        aria-hidden="false"
        className="notranslate c-svg__icon m-more-projects-table__route-icon hidden-md-down"
        dangerouslySetInnerHTML={
          Object {
            "__html": "SVG",
          }
        }
      />
      <span
        aria-hidden="false"
        className="notranslate c-svg__icon m-more-projects-table__route-icon hidden-md-down"
        dangerouslySetInnerHTML={
          Object {
            "__html": "SVG",
          }
        }
      />
      <span
        aria-hidden="false"
        className="notranslate c-svg__icon m-more-projects-table__route-icon hidden-md-down"
        dangerouslySetInnerHTML={
          Object {
            "__html": "SVG",
          }
        }
      />
      <span
        aria-hidden="false"
        className="notranslate c-svg__icon m-more-projects-table__route-icon hidden-md-down"
        dangerouslySetInnerHTML={
          Object {
            "__html": "SVG",
          }
        }
      />
      <span
        aria-hidden="false"
        className="notranslate c-svg__icon m-more-projects-table__route-icon hidden-md-down"
        dangerouslySetInnerHTML={
          Object {
            "__html": "SVG",
          }
        }
      />
      <span
        aria-hidden="false"
        className="notranslate c-svg__icon m-more-projects-table__route-icon hidden-md-down"
        dangerouslySetInnerHTML={
          Object {
            "__html": "SVG",
          }
        }
      />
      <span
        aria-hidden="false"
        className="notranslate c-svg__icon m-more-projects-table__route-icon hidden-md-down"
        dangerouslySetInnerHTML={
          Object {
            "__html": "SVG",
          }
        }
      />
      <span
        aria-hidden="false"
        className="notranslate c-svg__icon m-more-projects-table__route-icon hidden-md-down"
        dangerouslySetInnerHTML={
          Object {
            "__html": "SVG",
          }
        }
      />
      <span
        aria-hidden="false"
        className="notranslate c-svg__icon m-more-projects-table__route-icon hidden-md-down"
        dangerouslySetInnerHTML={
          Object {
            "__html": "SVG",
          }
        }
      />
      <span
        aria-hidden="false"
        className="notranslate c-svg__icon m-more-projects-table__route-icon hidden-md-down"
        dangerouslySetInnerHTML={
          Object {
            "__html": "SVG",
          }
        }
      />
    </div>
  </td>
  <td
    className="m-more-projects-table__td m-more-projects-table__td-last-updated hidden-md-down"
  >
    May 1, 2018
  </td>
  <td
    className="m-more-projects-table__td m-more-projects-table__td-status hidden-md-down"
  >
    <span
      className="m-more-projects-table__status-wrapper"
    >
      <i
        className="fa m-more-projects-table__status-icon m-more-projects-table__status-icon--contract-awarded"
      />
       
      <span
        className="m-more-projects-table__status-text m-more-projects-table__status-text--contract-awarded"
      >
        Contract awarded
      </span>
    </span>
  </td>
</tr>
`;
