// Jest Snapshot v1, https://goo.gl/fbAQLP

exports[`shows commuter rail link on commuter rail page 1`] = `
Array [
  <h3
    aria-controls="panel-fares"
    aria-expanded={false}
    className="c-expandable-block__header "
    id="header-fares"
    onClick={[Function]}
    onKeyPress={[Function]}
    role="button"
    tabIndex={0}
  >
    <div
      className="c-expandable-block__header-text"
    >
      Fares
      <span
        className="fa c-expandable-block__header-caret"
        dangerouslySetInnerHTML={
          Object {
            "__html": "&#xF107;",
          }
        }
      />
    </div>
  </h3>,
  <noscript>
    <style>
      #header-fares { display: none; }
    </style>
    <h3
      className="c-expandable-block__header"
    >
      Fares
      <span
        className="fa c-expandable-block__header-caret"
        dangerouslySetInnerHTML={
          Object {
            "__html": "&#xF106;",
          }
        }
      />
    </h3>
    <div
      className="c-expandable-block__panel"
      role="region"
    >
      <p
        className="m-schedule-page__fare"
      >
        <span>
          CharlieCard
        </span>
        <span>
          $2.25
        </span>
      </p>
      <p
        className="m-schedule-page__fare"
      >
        <span>
          CharlieTicket or Cash
        </span>
        <span>
          $2.75
        </span>
      </p>
      <p>
        <a
          className="c-call-to-action"
          href="/fares/commuter-rail-fares"
        >
          Commuter Rail Fares
        </a>
      </p>
      <p
        className="m-schedule-page__link"
      >
        <a
          className="c-call-to-action"
          href="/fares"
        >
          More about fares
        </a>
      </p>
    </div>
  </noscript>,
]
`;
