// Jest Snapshot v1, https://goo.gl/fbAQLP

exports[`it renders 1`] = `
Array [
  <div
    className="schedule-finder"
  >
    <form
      onSubmit={[Function]}
    >
      <h2
        className="h3 schedule-finder__heading"
      >
        <span
          aria-hidden="true"
          className="notranslate c-svg__icon"
          dangerouslySetInnerHTML={
            Object {
              "__html": "SVG",
            }
          }
        />
         Schedule Finder
      </h2>
      <div
        className="schedule-finder__prompt"
      >
        Choose a stop to get schedule information and real-time departure predictions.
      </div>
      <div
        className="schedule-finder__inputs"
      >
        <label
          className="schedule-finder__label"
        >
          Choose a direction
          <div
            className="c-select-custom__container "
            onClick={[Function]}
            onKeyUp={[Function]}
            role="button"
            tabIndex={0}
          >
            <select
              className="c-select-custom"
              onChange={[Function]}
              value={0}
            >
              <option
                aria-label="INBOUND 
  Oak Grove"
                value={0}
              >
                INBOUND 
  Oak Grove
              </option>
              <option
                aria-label="OUTBOUND 
  Forest Hills"
                value={1}
              >
                OUTBOUND 
  Forest Hills
              </option>
            </select>
            <span
              aria-hidden="true"
              className="notranslate c-svg__icon c-select-custom__arrow"
              dangerouslySetInnerHTML={
                Object {
                  "__html": "SVG",
                }
              }
            />
          </div>
        </label>
        <label
          className="schedule-finder__label"
        >
          Choose an origin stop
          <div
            className="c-select-custom__container "
            onClick={[Function]}
            onKeyUp={[Function]}
            role="button"
            tabIndex={0}
          >
            <select
              className="c-select-custom c-select-custom--noclick"
              onChange={[Function]}
              value=""
            >
              <option
                value=""
              >
                Select
              </option>
              <option
                aria-label="Wellington"
                value="place-welln"
              >
                Wellington
              </option>
              <option
                aria-label="Abc"
                value="123"
              >
                Abc
              </option>
              <option
                aria-label="SL"
                value="741"
              >
                SL
              </option>
            </select>
            <span
              aria-hidden="true"
              className="notranslate c-svg__icon c-select-custom__arrow"
              dangerouslySetInnerHTML={
                Object {
                  "__html": "SVG",
                }
              }
            />
          </div>
        </label>
      </div>
      <div
        className="schedule-finder__submit text-right"
      >
        <input
          className="btn btn-primary"
          type="submit"
          value="Get schedules"
        />
      </div>
    </form>
  </div>,
  <div
    dangerouslySetInnerHTML={
      Object {
        "__html": "<div><a href=\\"http://some-link\\">Some teaser from CMS></a></div>",
      }
    }
  />,
  <h3
    aria-controls="panel-pdfs"
    aria-expanded={true}
    className="c-expandable-block__header"
    id="header-pdfs"
    onClick={[Function]}
    onKeyPress={[Function]}
    role="button"
    tabIndex={0}
  >
    <div
      className="c-expandable-block__header-text"
    >
      PDF Schedules
      <span
        className="c-expandable-block__header-caret"
        dangerouslySetInnerHTML={
          Object {
            "__html": "&#xF106;",
          }
        }
      />
    </div>
  </h3>,
  <div
    aria-labelledby="header-pdfs"
    className="c-expandable-block__panel "
    id="panel-pdfs"
    role="region"
    tabIndex={0}
  >
    <a
      className="m-schedule-page__sidebar-pdfs"
      href="https://mbta.com/example-pdf.pdf"
      rel="noopener noreferrer"
      target="_blank"
    >
      <span
        aria-hidden="true"
        className="notranslate c-svg__icon-pdf"
        dangerouslySetInnerHTML={
          Object {
            "__html": "SVG",
          }
        }
      />
      Route 1 schedule PDF
    </a>
  </div>,
  <noscript>
    <style>
      #header-pdfs { display: none; }
    </style>
    <h3
      className="c-expandable-block__header"
    >
      PDF Schedules
      <span
        className="c-expandable-block__header-caret"
        dangerouslySetInnerHTML={
          Object {
            "__html": "&#xF106;",
          }
        }
      />
    </h3>
    <div
      className="c-expandable-block__panel"
      role="region"
    >
      <a
        className="m-schedule-page__sidebar-pdfs"
        href="https://mbta.com/example-pdf.pdf"
        rel="noopener noreferrer"
        target="_blank"
      >
        <span
          aria-hidden="true"
          className="notranslate c-svg__icon-pdf"
          dangerouslySetInnerHTML={
            Object {
              "__html": "SVG",
            }
          }
        />
        Route 1 schedule PDF
      </a>
    </div>
  </noscript>,
  <h3
    aria-controls="panel-fares"
    aria-expanded={false}
    className="c-expandable-block__header"
    id="header-fares"
    onClick={[Function]}
    onKeyPress={[Function]}
    role="button"
    tabIndex={0}
  >
    <div
      className="c-expandable-block__header-text"
    >
      Fares
      <span
        className="c-expandable-block__header-caret"
        dangerouslySetInnerHTML={
          Object {
            "__html": "&#xF107;",
          }
        }
      />
    </div>
  </h3>,
  <noscript>
    <style>
      #header-fares { display: none; }
    </style>
    <h3
      className="c-expandable-block__header"
    >
      Fares
      <span
        className="c-expandable-block__header-caret"
        dangerouslySetInnerHTML={
          Object {
            "__html": "&#xF106;",
          }
        }
      />
    </h3>
    <div
      className="c-expandable-block__panel"
      role="region"
    >
      <p
        className="m-schedule-page__fare"
      >
        <span>
          CharlieCard
        </span>
        <span>
          $2.25
        </span>
      </p>
      <p
        className="m-schedule-page__fare"
      >
        <span>
          CharlieTicket or Cash
        </span>
        <span>
          $2.75
        </span>
      </p>
      <p
        className="m-schedule-page__link"
      >
        <a
          className="c-call-to-action"
          href="/fares/bus-fares"
        >
          More about fares
        </a>
      </p>
    </div>
  </noscript>,
  <h3
    aria-controls="panel-hours"
    aria-expanded={false}
    className="c-expandable-block__header"
    id="header-hours"
    onClick={[Function]}
    onKeyPress={[Function]}
    role="button"
    tabIndex={0}
  >
    <div
      className="c-expandable-block__header-text"
    >
      Hours of Operation
      <span
        className="c-expandable-block__header-caret"
        dangerouslySetInnerHTML={
          Object {
            "__html": "&#xF107;",
          }
        }
      />
    </div>
  </h3>,
  <noscript>
    <style>
      #header-hours { display: none; }
    </style>
    <h3
      className="c-expandable-block__header"
    >
      Hours of Operation
      <span
        className="c-expandable-block__header-caret"
        dangerouslySetInnerHTML={
          Object {
            "__html": "&#xF106;",
          }
        }
      />
    </h3>
    <div
      className="c-expandable-block__panel"
      role="region"
    >
      <div
        className="m-schedule-page__sidebar-hours"
        dangerouslySetInnerHTML={
          Object {
            "__html": "<div class=\\"m-schedule-page__sidebar-hours\\">  <h3 class=\\"hours-period-heading\\">Monday to Friday</h3>
<p class=\\"hours-directions\\">
  <span class=\\"hours-direction-name\\">Inbound</span>
  <span class=\\"hours-time\\">04:17A-12:46A</span>
</p>
<p class=\\"hours-directions\\">
  <span class=\\"hours-direction-name\\">Outbound</span>
  <span class=\\"hours-time\\">05:36A-01:08A</span>
</p>
</div>",
          }
        }
      />
    </div>
  </noscript>,
  <h3
    aria-controls="panel-holidays"
    aria-expanded={false}
    className="c-expandable-block__header"
    id="header-holidays"
    onClick={[Function]}
    onKeyPress={[Function]}
    role="button"
    tabIndex={0}
  >
    <div
      className="c-expandable-block__header-text"
    >
      Upcoming Holidays
      <span
        className="c-expandable-block__header-caret"
        dangerouslySetInnerHTML={
          Object {
            "__html": "&#xF107;",
          }
        }
      />
    </div>
  </h3>,
  <noscript>
    <style>
      #header-holidays { display: none; }
    </style>
    <h3
      className="c-expandable-block__header"
    >
      Upcoming Holidays
      <span
        className="c-expandable-block__header-caret"
        dangerouslySetInnerHTML={
          Object {
            "__html": "&#xF106;",
          }
        }
      />
    </h3>
    <div
      className="c-expandable-block__panel"
      role="region"
    >
      <ul
        className="c-unordered-list m-schedule-page__sidebar-list"
      >
        <li
          className="c-unordered-list-item"
        >
          Memorial Day
           (
          May 27, 2019
          )
        </li>
      </ul>
      <a
        className="c-call-to-action"
        href="/holiday"
      >
        View holiday schedules
      </a>
    </div>
  </noscript>,
]
`;
