// Jest Snapshot v1, https://goo.gl/fbAQLP

exports[`it renders 1`] = `
<div
  className="m-trip-plan-results__itinerary"
>
  <div
    className="m-trip-plan-results__itinerary-header"
  >
    <div
      className="m-trip-plan-results__itinerary-header-content"
    >
      <div
        className="m-trip-plan-results__itinerary-summary"
        dangerouslySetInnerHTML={
          Object {
            "__html": "<div>HTML for the accordion button</div>",
          }
        }
      />
      <div
        className="m-trip-plan-results__itinerary-accessible"
        dangerouslySetInnerHTML={
          Object {
            "__html": "<div>Accessible</div>",
          }
        }
      />
    </div>
    <div
      className="m-trip-plan-results__itinerary-fares"
      dangerouslySetInnerHTML={
        Object {
          "__html": "<div>HTML content for fares</div>",
        }
      }
    />
  </div>
  <div
    className="c-accordion-ui"
  >
    <div
      aria-level={3}
      className="panel"
      role="heading"
    >
      <div
        className="c-accordion-ui__heading"
      >
        <button
          aria-controls="itinerary-1-section"
          aria-expanded={false}
          className="c-accordion-ui__trigger collapsed"
          onClick={[Function]}
          type="button"
        >
          <span
            className="c-accordion-ui__title"
            id="itinerary-1-title"
          >
            Show map and trip details
          </span>
          <div
            className="c-accordion-ui__indicator"
          >
            <span
              className="c-indicator__content c-indicator__content--angle"
            />
          </div>
        </button>
      </div>
      <div
        aria-labelledby="itinerary-1-title"
        className="c-accordion-ui__target js-focus-on-expand"
        id="itinerary-1-section"
        role="region"
      />
    </div>
  </div>
  <div
    className="c-accordion-ui"
  >
    <div
      aria-level={3}
      className="panel"
      role="heading"
    >
      <div
        className="c-accordion-ui__heading"
      >
        <button
          aria-controls="itinerary-1-fare-calculator-section"
          aria-expanded={false}
          className="c-accordion-ui__trigger collapsed"
          onClick={[Function]}
          type="button"
        >
          <span
            className="c-accordion-ui__title"
            id="itinerary-1-fare-calculator-title"
          >
            Show fare calculator
          </span>
          <div
            className="c-accordion-ui__indicator"
          >
            <span
              className="c-indicator__content c-indicator__content--angle"
            />
          </div>
        </button>
      </div>
      <div
        aria-labelledby="itinerary-1-fare-calculator-title"
        className="c-accordion-ui__target js-focus-on-expand"
        id="itinerary-1-fare-calculator-section"
        role="region"
      />
    </div>
  </div>
</div>
`;
