// Jest Snapshot v1, https://goo.gl/fbAQLP

exports[`the shuttles page renders 1`] = `
<div
  className="shuttles__main"
>
  <h2>
    Shuttle Maps
  </h2>
  <div
    aria-label="Filter shuttle map by direction"
    className="c-btn-group-stackable"
    role="group"
  >
    <button
      className="btn btn-secondary btn-sm c-btn-group-stackable__btn c-btn-group-stackable__btn--active"
      onClick={[Function]}
      type="button"
    >
      All Directions
    </button>
    <button
      className="btn btn-secondary btn-sm c-btn-group-stackable__btn false"
      onClick={[Function]}
      type="button"
    >
      Alewife
    </button>
    <button
      className="btn btn-secondary btn-sm c-btn-group-stackable__btn false"
      onClick={[Function]}
      type="button"
    >
      Ashmont / Braintree
    </button>
  </div>
  <div
    className="m-shuttles-map"
  />
  <div
    className="c-heading-with-control"
  >
    <h3>
      Stop Detail
    </h3>
    <div
      className="c-select-custom__container"
    >
      <select
        className="c-select-custom"
        onChange={[Function]}
        value="place-knncl"
      >
        <option
          value="place-knncl"
        >
          Kendall/MIT
        </option>
        <option
          value="place-chmnl"
        >
          Charles/MGH
        </option>
        <option
          value="place-pktrm"
        >
          Park Street
        </option>
        <option
          value="place-dwnxg"
        >
          Downtown Crossing
        </option>
        <option
          value="place-sstat"
        >
          South Station
        </option>
        <option
          value="place-brdwy"
        >
          Broadway
        </option>
      </select>
      <span
        aria-hidden="true"
        className="notranslate c-svg__icon c-select-custom__arrow"
        dangerouslySetInnerHTML={
          Object {
            "__html": "SVG",
          }
        }
      />
    </div>
  </div>
  <div
    className="m-shuttles-map"
  />
</div>
`;
