// Jest Snapshot v1, https://goo.gl/fbAQLP

exports[`Accordion component renders 1`] = `
<div
  className="c-accordion-ui"
>
  <div
    aria-level={3}
    className="panel"
    role="heading"
  >
    <div
      className="c-accordion-ui__heading"
    >
      <button
        aria-controls="test-accordion-section"
        aria-expanded={false}
        className="c-accordion-ui__trigger collapsed"
        onClick={[Function]}
        type="button"
      >
        <span
          className="c-accordion-ui__title"
          id="test-accordion-title"
        >
          Open me for a surprise
        </span>
        <div
          className="c-accordion-ui__indicator"
        >
          <span
            className="c-indicator__content c-indicator__content--angle"
          />
        </div>
      </button>
    </div>
    <div
      aria-labelledby="test-accordion-title"
      className="c-accordion-ui__target js-focus-on-expand"
      id="test-accordion-section"
      role="region"
    />
  </div>
</div>
`;
