// Jest Snapshot v1, https://goo.gl/fbAQLP

exports[`AccordionRow renders the collapsed AccordionRow markup 1`] = `
"<table>
  <tbody>
    <AccordionRow state={{...}} journey={{...}} contentComponent={[Function: contentComponent]} expanded={false} toggle={[Function: toggle]}>
      <tr className=\\"schedule-table__row\\" aria-controls=\\"trip-41894293\\" aria-expanded={false} role=\\"button\\" onClick={[Function: toggle]} onKeyPress={[Function: onKeyPress]} tabIndex={0}>
        <td className=\\"schedule-table__cell schedule-table__cell--tiny\\">
          <span className=\\"c-expandable-block__header-caret\\" dangerouslySetInnerHTML={{...}} />
        </td>
      </tr>
    </AccordionRow>
  </tbody>
</table>"
`;

exports[`AccordionRow renders the expanded AccordionRow markup 1`] = `
"<table>
  <tbody>
    <AccordionRow state={{...}} journey={{...}} contentComponent={[Function: contentComponent]} expanded={true} toggle={[Function: toggle]}>
      <tr className=\\"schedule-table__row--expanded\\" aria-controls=\\"trip-41894293\\" aria-expanded={true} role=\\"button\\" onClick={[Function: toggle]} onKeyPress={[Function: onKeyPress]} tabIndex={0}>
        <td className=\\"schedule-table__cell schedule-table__cell--tiny\\">
          <span className=\\"c-expandable-block__header-caret--white\\" dangerouslySetInnerHTML={{...}} />
        </td>
      </tr>
      <tr id=\\"trip-41894293-expanded\\">
        <td colSpan={3} className=\\"schedule-table__cell schedule-table__cell--expanded\\">
          <TripDetails state={{...}} showFare={false}>
            <table className=\\"trip-details-table\\">
              <thead>
                <TripSummary tripInfo={{...}}>
                  <tr className=\\"trip-details-table__summary\\">
                    <td colSpan={3} className=\\"schedule-table__cell\\">
                      <div>
                        <span className=\\"trip-details-table__title u-small-caps u-bold\\">
                          Trip length
                        </span>
                        11
                         stops, 
                        14
                         minutes total
                      </div>
                      <div>
                        <span className=\\"trip-details-table__title u-small-caps u-bold\\">
                          Fare
                        </span>
                        $2.40
                        <a className=\\"trip-details-table__link\\" href=\\"/fares/bus-fares\\">
                          View fares
                        </a>
                      </div>
                    </td>
                  </tr>
                </TripSummary>
                <tr>
                  <th scope=\\"col\\" className=\\"schedule-table__cell\\">
                    Stops
                  </th>
                  <th scope=\\"col\\" className=\\"schedule-table__cell schedule-table__cell--right-adjusted\\">
                    Arrival
                  </th>
                </tr>
              </thead>
              <tbody>
                <TripStop departure={{...}} index={0} showFare={false} routeType={3}>
                  <tr>
                    <th className=\\"schedule-table__cell\\" scope=\\"row\\">
                      <a href=\\"/stops/place-sstat\\" className=\\"\\">
                        South Station
                      </a>
                    </th>
                    <td className=\\"schedule-table__cell schedule-table__cell--right-adjusted u-tabular-nums\\">
                      05:46 AM
                    </td>
                  </tr>
                </TripStop>
                <TripStop departure={{...}} index={1} showFare={false} routeType={3}>
                  <tr>
                    <th className=\\"schedule-table__cell\\" scope=\\"row\\">
                      <a href=\\"/stops/place-crtst\\" className=\\"\\">
                        Courthouse
                      </a>
                    </th>
                    <td className=\\"schedule-table__cell schedule-table__cell--right-adjusted u-tabular-nums\\">
                      05:48 AM
                    </td>
                  </tr>
                </TripStop>
                <TripStop departure={{...}} index={2} showFare={false} routeType={3}>
                  <tr>
                    <th className=\\"schedule-table__cell\\" scope=\\"row\\">
                      <a href=\\"/stops/place-wtcst\\" className=\\"\\">
                        World Trade Center
                      </a>
                    </th>
                    <td className=\\"schedule-table__cell schedule-table__cell--right-adjusted u-tabular-nums\\">
                      05:50 AM
                    </td>
                  </tr>
                </TripStop>
                <TripStop departure={{...}} index={3} showFare={false} routeType={3}>
                  <tr>
                    <th className=\\"schedule-table__cell\\" scope=\\"row\\">
                      <a href=\\"/stops/place-conrd\\" className=\\"\\">
                        Silver Line Way
                      </a>
                    </th>
                    <td className=\\"schedule-table__cell schedule-table__cell--right-adjusted u-tabular-nums\\">
                      05:53 AM
                    </td>
                  </tr>
                </TripStop>
                <TripStop departure={{...}} index={4} showFare={false} routeType={3}>
                  <tr>
                    <th className=\\"schedule-table__cell\\" scope=\\"row\\">
                      <a href=\\"/stops/247\\" className=\\"\\">
                        Northern Ave @ Harbor St
                      </a>
                    </th>
                    <td className=\\"schedule-table__cell schedule-table__cell--right-adjusted u-tabular-nums\\">
                      05:54 AM
                    </td>
                  </tr>
                </TripStop>
                <TripStop departure={{...}} index={5} showFare={false} routeType={3}>
                  <tr>
                    <th className=\\"schedule-table__cell\\" scope=\\"row\\">
                      <a href=\\"/stops/30249\\" className=\\"\\">
                        Northern Ave @ Tide St
                      </a>
                    </th>
                    <td className=\\"schedule-table__cell schedule-table__cell--right-adjusted u-tabular-nums\\">
                      05:55 AM
                    </td>
                  </tr>
                </TripStop>
                <TripStop departure={{...}} index={6} showFare={false} routeType={3}>
                  <tr>
                    <th className=\\"schedule-table__cell\\" scope=\\"row\\">
                      <a href=\\"/stops/30250\\" className=\\"\\">
                        23 Drydock Ave
                      </a>
                    </th>
                    <td className=\\"schedule-table__cell schedule-table__cell--right-adjusted u-tabular-nums\\">
                      05:56 AM
                    </td>
                  </tr>
                </TripStop>
                <TripStop departure={{...}} index={7} showFare={false} routeType={3}>
                  <tr>
                    <th className=\\"schedule-table__cell\\" scope=\\"row\\">
                      <a href=\\"/stops/30251\\" className=\\"\\">
                        27 Drydock Ave
                      </a>
                    </th>
                    <td className=\\"schedule-table__cell schedule-table__cell--right-adjusted u-tabular-nums\\">
                      05:56 AM
                    </td>
                  </tr>
                </TripStop>
                <TripStop departure={{...}} index={8} showFare={false} routeType={3}>
                  <tr>
                    <th className=\\"schedule-table__cell\\" scope=\\"row\\">
                      <a href=\\"/stops/31259\\" className=\\"\\">
                        Drydock Ave @ Black Falcon Ave
                      </a>
                    </th>
                    <td className=\\"schedule-table__cell schedule-table__cell--right-adjusted u-tabular-nums\\">
                      05:56 AM
                    </td>
                  </tr>
                </TripStop>
                <TripStop departure={{...}} index={9} showFare={false} routeType={3}>
                  <tr>
                    <th className=\\"schedule-table__cell\\" scope=\\"row\\">
                      <a href=\\"/stops/31258\\" className=\\"\\">
                        88 Black Falcon
                      </a>
                    </th>
                    <td className=\\"schedule-table__cell schedule-table__cell--right-adjusted u-tabular-nums\\">
                      05:57 AM
                    </td>
                  </tr>
                </TripStop>
                <TripStop departure={{...}} index={10} showFare={false} routeType={3}>
                  <tr>
                    <th className=\\"schedule-table__cell\\" scope=\\"row\\">
                      <a href=\\"/stops/31255\\" className=\\"\\">
                        Drydock Ave @ Design Center Place
                      </a>
                    </th>
                    <td className=\\"schedule-table__cell schedule-table__cell--right-adjusted u-tabular-nums\\">
                      06:00 AM
                    </td>
                  </tr>
                </TripStop>
              </tbody>
            </table>
          </TripDetails>
        </td>
      </tr>
    </AccordionRow>
  </tbody>
</table>"
`;
