// Jest Snapshot v1, https://goo.gl/fbAQLP

exports[`ScheduleFinderForm matches snapshot 1`] = `
<Fragment>
  <form
    onSubmit={[Function]}
  >
    <h2
      className="schedule-finder__heading"
    >
      <span
        aria-hidden="true"
        className="notranslate c-svg__icon"
        dangerouslySetInnerHTML={
          Object {
            "__html": "SVG",
          }
        }
      />
       Schedule Finder
    </h2>
    <div
      className="schedule-finder__prompt"
    >
      Choose a stop to get schedule information and real-time departure predictions.
    </div>
    <div
      className="schedule-finder__inputs"
    >
      <label
        className="schedule-finder__label"
      >
        Choose a direction
        <SelectContainer>
          <select
            className="c-select-custom notranslate"
            data-testid="schedule-finder-direction-select"
            onChange={[Function]}
            value={0}
          >
            <option
              aria-label="INBOUND 
  Oak Grove"
              key="0"
              value={0}
            >
              INBOUND 
  Oak Grove
            </option>
            <option
              aria-label="OUTBOUND 
  Forest Hills"
              key="1"
              value={1}
            >
              OUTBOUND 
  Forest Hills
            </option>
          </select>
        </SelectContainer>
      </label>
      <label
        className="schedule-finder__label"
      >
        Choose an origin stop
        <SelectContainer
          error={false}
          handleClick={[Function]}
        >
          <select
            className="c-select-custom c-select-custom--noclick notranslate"
            onChange={[Function]}
            value=""
          >
            <option
              value=""
            >
              Select
            </option>
            <option
              aria-label="Wellington"
              key="place-welln"
              value="place-welln"
            >
              Wellington
            </option>
            <option
              aria-label="Abc"
              key="123"
              value="123"
            >
              Abc
            </option>
            <option
              aria-label="SL"
              key="741"
              value="741"
            >
              SL
            </option>
          </select>
        </SelectContainer>
      </label>
    </div>
    <div
      className="schedule-finder__submit text-right"
    >
      <input
        className="btn btn-primary"
        type="submit"
        value="Get schedules"
      />
    </div>
  </form>
</Fragment>
`;
