// Jest Snapshot v1, https://goo.gl/fbAQLP

exports[`ScheduleFinderModal matches snapshot in origin mode 1`] = `
"<Component closeModal={[Function: closeModal]} initialMode=\\"origin\\" route={{...}} routePatternsByDirection={{...}} scheduleNote={{...}} services={{...}} stops={{...}} today=\\"2019-12-05\\" updateURL={[Function: updateURL]} initialDirection={0} directionChanged={[undefined]} initialOrigin={{...}} originChanged={[undefined]} handleOriginSelectClick={[Function: handleOriginSelectClick]}>
  <WrappedModal focusElementId=\\"origin-filter\\" ariaLabel={{...}} className=\\"schedule-finder__origin-modal\\" closeModal={[Function: closeModal]}>
    <Modal focusElementId=\\"origin-filter\\" ariaLabel={{...}} className=\\"schedule-finder__origin-modal\\" closeModal={[Function: closeModal]} priorPadding=\\"0px\\" paddingRight={0}>
      <ModalContent bodyPadding=\\"0px\\" scrollBarPadding={0} closeText=\\"Close\\" role=\\"dialog\\" ariaLabel={{...}} focusElementId=\\"origin-filter\\" className=\\"schedule-finder__origin-modal\\" closeModal={[Function: closeModal]}>
        <Portal containerInfo={{...}}>
          <aside aria-modal={true} aria-label=\\"Choose Origin Stop\\" role=\\"dialog\\" id=\\"modal-cover\\" className=\\"c-modal__cover\\" tabIndex={-1} onKeyDown={[Function: onKeyDown]} onClick={[Function: onClick]}>
            <div className=\\"c-modal schedule-finder__origin-modal\\">
              <button id=\\"modal-close\\" className=\\"btn btn-secondary c-modal__close\\" onClick={[Function: onClick]} type=\\"button\\">
                Close
              </button>
              <div className=\\"c-modal__content\\">
                <OriginModalContent handleChangeOrigin={[Function: handleChangeOrigin]} selectedOrigin={{...}} stops={{...}}>
                  <br />
                  <h3 className=\\"schedule-finder__origin-text\\">
                    Choose an origin stop
                  </h3>
                  <SearchBox id=\\"origin-filter\\" labelText=\\"Choose an origin stop\\" className=\\"schedule-finder__origin-search-container\\" placeholder=\\"Filter stops and stations\\" onChange={[Function: bound dispatchAction]}>
                    <div className=\\"schedule-finder__origin-search-container c-form__input-container\\">
                      <label htmlFor=\\"origin-filter\\" className=\\"sr-only\\">
                        Choose an origin stop
                      </label>
                      <input className=\\"c-form__input\\" id=\\"origin-filter\\" type=\\"text\\" onChange={[Function: onChange]} value=\\"\\" placeholder=\\"Filter stops and stations\\" />
                      <button className=\\"c-form__submit-btn\\" aria-label=\\"search\\" type=\\"button\\" onClick={[Function: onClick]}>
                        <span className=\\"notranslate c-svg__icon-search-reverse-default\\" aria-hidden=\\"false\\" dangerouslySetInnerHTML={{...}} />
                      </button>
                    </div>
                  </SearchBox>
                  <p className=\\"schedule-finder__origin-text\\">
                    Select from the list below.
                  </p>
                  <div className=\\"schedule-finder__origin-list\\">
                    <OriginListItem stop={{...}} changeOrigin={[Function: handleChangeOrigin]} selectedOrigin={{...}} lastStop={{...}}>
                      <div tabIndex={0} role=\\"button\\" className=\\"schedule-finder__origin-list-item  disabled\\" onClick={[Function: onClick]} onKeyUp={[Function: onKeyUp]}>
                        <div className=\\"schedule-finder__origin-list-leftpad\\">
                           
                        </div>
                        Wellington
                         
                      </div>
                    </OriginListItem>
                    <OriginListItem stop={{...}} changeOrigin={[Function: handleChangeOrigin]} selectedOrigin={{...}} lastStop={{...}}>
                      <div tabIndex={0} role=\\"button\\" className=\\"schedule-finder__origin-list-item  \\" onClick={[Function: onClick]} onKeyUp={[Function: onKeyUp]}>
                        <div className=\\"schedule-finder__origin-list-leftpad\\">
                           
                        </div>
                        Abc
                         
                      </div>
                    </OriginListItem>
                    <OriginListItem stop={{...}} changeOrigin={[Function: handleChangeOrigin]} selectedOrigin={{...}} lastStop={{...}}>
                      <div tabIndex={0} role=\\"button\\" className=\\"schedule-finder__origin-list-item  disabled\\" onClick={[Function: onClick]} onKeyUp={[Function: onKeyUp]}>
                        <div className=\\"schedule-finder__origin-list-leftpad\\">
                           
                        </div>
                        SL
                         
                        <span className=\\"schedule-finder__zone\\">
                          Zone 
                          1
                        </span>
                      </div>
                    </OriginListItem>
                  </div>
                </OriginModalContent>
              </div>
            </div>
          </aside>
        </Portal>
      </ModalContent>
    </Modal>
  </WrappedModal>
</Component>"
`;

exports[`ScheduleFinderModal matches snapshot in origin mode with origin selected 1`] = `
"<Component closeModal={[Function: closeModal]} initialMode=\\"origin\\" route={{...}} routePatternsByDirection={{...}} scheduleNote={{...}} services={{...}} stops={{...}} today=\\"2019-12-05\\" updateURL={[Function: updateURL]} initialDirection={0} directionChanged={[undefined]} initialOrigin={{...}} originChanged={[undefined]} handleOriginSelectClick={[Function: handleOriginSelectClick]}>
  <WrappedModal focusElementId=\\"origin-filter\\" ariaLabel={{...}} className=\\"schedule-finder__origin-modal\\" closeModal={[Function: closeModal]}>
    <Modal focusElementId=\\"origin-filter\\" ariaLabel={{...}} className=\\"schedule-finder__origin-modal\\" closeModal={[Function: closeModal]} priorPadding=\\"0px\\" paddingRight={0}>
      <ModalContent bodyPadding=\\"0px\\" scrollBarPadding={0} closeText=\\"Close\\" role=\\"dialog\\" ariaLabel={{...}} focusElementId=\\"origin-filter\\" className=\\"schedule-finder__origin-modal\\" closeModal={[Function: closeModal]}>
        <Portal containerInfo={{...}}>
          <aside aria-modal={true} aria-label=\\"Choose Origin Stop\\" role=\\"dialog\\" id=\\"modal-cover\\" className=\\"c-modal__cover\\" tabIndex={-1} onKeyDown={[Function: onKeyDown]} onClick={[Function: onClick]}>
            <div className=\\"c-modal schedule-finder__origin-modal\\">
              <button id=\\"modal-close\\" className=\\"btn btn-secondary c-modal__close\\" onClick={[Function: onClick]} type=\\"button\\">
                Close
              </button>
              <div className=\\"c-modal__content\\">
                <OriginModalContent handleChangeOrigin={[Function: handleChangeOrigin]} selectedOrigin={{...}} stops={{...}}>
                  <br />
                  <h3 className=\\"schedule-finder__origin-text\\">
                    Choose an origin stop
                  </h3>
                  <SearchBox id=\\"origin-filter\\" labelText=\\"Choose an origin stop\\" className=\\"schedule-finder__origin-search-container\\" placeholder=\\"Filter stops and stations\\" onChange={[Function: bound dispatchAction]}>
                    <div className=\\"schedule-finder__origin-search-container c-form__input-container\\">
                      <label htmlFor=\\"origin-filter\\" className=\\"sr-only\\">
                        Choose an origin stop
                      </label>
                      <input className=\\"c-form__input\\" id=\\"origin-filter\\" type=\\"text\\" onChange={[Function: onChange]} value=\\"\\" placeholder=\\"Filter stops and stations\\" />
                      <button className=\\"c-form__submit-btn\\" aria-label=\\"search\\" type=\\"button\\" onClick={[Function: onClick]}>
                        <span className=\\"notranslate c-svg__icon-search-reverse-default\\" aria-hidden=\\"false\\" dangerouslySetInnerHTML={{...}} />
                      </button>
                    </div>
                  </SearchBox>
                  <p className=\\"schedule-finder__origin-text\\">
                    Select from the list below.
                  </p>
                  <div className=\\"schedule-finder__origin-list\\">
                    <OriginListItem stop={{...}} changeOrigin={[Function: handleChangeOrigin]} selectedOrigin={{...}} lastStop={{...}}>
                      <div tabIndex={0} role=\\"button\\" className=\\"schedule-finder__origin-list-item  disabled\\" onClick={[Function: onClick]} onKeyUp={[Function: onKeyUp]}>
                        <div className=\\"schedule-finder__origin-list-leftpad\\">
                           
                        </div>
                        Wellington
                         
                      </div>
                    </OriginListItem>
                    <OriginListItem stop={{...}} changeOrigin={[Function: handleChangeOrigin]} selectedOrigin={{...}} lastStop={{...}}>
                      <div tabIndex={0} role=\\"button\\" className=\\"schedule-finder__origin-list-item  \\" onClick={[Function: onClick]} onKeyUp={[Function: onKeyUp]}>
                        <div className=\\"schedule-finder__origin-list-leftpad\\">
                           
                        </div>
                        Abc
                         
                      </div>
                    </OriginListItem>
                    <OriginListItem stop={{...}} changeOrigin={[Function: handleChangeOrigin]} selectedOrigin={{...}} lastStop={{...}}>
                      <div tabIndex={0} role=\\"button\\" className=\\"schedule-finder__origin-list-item  disabled\\" onClick={[Function: onClick]} onKeyUp={[Function: onKeyUp]}>
                        <div className=\\"schedule-finder__origin-list-leftpad\\">
                           
                        </div>
                        SL
                         
                        <span className=\\"schedule-finder__zone\\">
                          Zone 
                          1
                        </span>
                      </div>
                    </OriginListItem>
                  </div>
                </OriginModalContent>
              </div>
            </div>
          </aside>
        </Portal>
      </ModalContent>
    </Modal>
  </WrappedModal>
</Component>"
`;

exports[`ScheduleFinderModal matches snapshot in schedule mode 1`] = `
"<Component closeModal={[Function: closeModal]} initialMode=\\"schedule\\" route={{...}} routePatternsByDirection={{...}} scheduleNote={{...}} services={{...}} stops={{...}} today=\\"2019-12-05\\" updateURL={[Function: updateURL]} initialDirection={0} directionChanged={[undefined]} initialOrigin=\\"place-welln\\" originChanged={[undefined]} handleOriginSelectClick={[Function: handleOriginSelectClick]}>
  <WrappedModal focusElementId=\\"modal-close\\" ariaLabel={{...}} className=\\"\\" closeModal={[Function: closeModal]}>
    <Modal focusElementId=\\"modal-close\\" ariaLabel={{...}} className=\\"\\" closeModal={[Function: closeModal]} priorPadding=\\"0px\\" paddingRight={0}>
      <ModalContent bodyPadding=\\"0px\\" scrollBarPadding={0} closeText=\\"Close\\" role=\\"dialog\\" ariaLabel={{...}} focusElementId=\\"modal-close\\" className=\\"\\" closeModal={[Function: closeModal]}>
        <Portal containerInfo={{...}}>
          <aside aria-modal={true} aria-label=\\"Schedules to Inbound\\" role=\\"dialog\\" id=\\"modal-cover\\" className=\\"c-modal__cover\\" tabIndex={-1} onKeyDown={[Function: onKeyDown]} onClick={[Function: onClick]}>
            <div className=\\"c-modal \\">
              <button id=\\"modal-close\\" className=\\"btn btn-secondary c-modal__close\\" onClick={[Function: onClick]} type=\\"button\\">
                Close
              </button>
              <div className=\\"c-modal__content\\">
                <ScheduleModalContent handleChangeDirection={[Function: handleChangeDirection]} handleChangeOrigin={[Function: handleChangeOrigin]} handleOriginSelectClick={[Function: handleOriginSelectClick]} route={{...}} routePatternsByDirection={{...}} scheduleNote={{...}} selectedDirection={0} selectedOrigin=\\"place-welln\\" services={{...}} stops={{...}} today=\\"2019-12-05\\">
                  <div className=\\"schedule-finder schedule-finder--modal\\">
                    <Component onDirectionChange={[Function: handleChangeDirection]} onOriginChange={[Function: handleChangeOrigin]} onOriginSelectClick={[Function: handleOriginSelectClick]} route={{...}} selectedDirection={0} selectedOrigin=\\"place-welln\\" stopsByDirection={{...}}>
                      <form onSubmit={[Function: handleSubmit]}>
                        <h2 className=\\"h3 schedule-finder__heading\\">
                          <span className=\\"notranslate c-svg__icon\\" aria-hidden=\\"true\\" dangerouslySetInnerHTML={{...}} />
                           Schedule Finder
                        </h2>
                        <div className=\\"schedule-finder__prompt\\">
                          Choose a stop to get schedule information and real-time departure predictions.
                        </div>
                        <div className=\\"schedule-finder__inputs\\">
                          <label className=\\"schedule-finder__label\\">
                            Choose a direction
                            <SelectContainer>
                              <div tabIndex={0} className=\\"c-select-custom__container \\" role=\\"button\\" onClick={[Function: onClick]} onKeyUp={[Function: onKeyUp]}>
                                <select className=\\"c-select-custom\\" value={0} onChange={[Function: onChange]}>
                                  <option value={0}>
                                    INBOUND
                                     
                                    Oak Grove
                                  </option>
                                  <option value={1}>
                                    OUTBOUND
                                     
                                    Forest Hills
                                  </option>
                                </select>
                                <span className=\\"notranslate c-svg__icon c-select-custom__arrow\\" aria-hidden=\\"true\\" dangerouslySetInnerHTML={{...}} />
                              </div>
                            </SelectContainer>
                          </label>
                          <label className=\\"schedule-finder__label\\">
                            Choose an origin stop
                            <SelectContainer error={false} handleClick={[Function: handleOriginClick]}>
                              <div tabIndex={0} className=\\"c-select-custom__container \\" role=\\"button\\" onClick={[Function: onClick]} onKeyUp={[Function: onKeyUp]}>
                                <select className=\\"c-select-custom c-select-custom--noclick\\" value=\\"place-welln\\" onChange={[Function: onChange]}>
                                  <option value=\\"\\">
                                    Select
                                  </option>
                                  <option value=\\"place-welln\\">
                                    Wellington
                                  </option>
                                  <option value=\\"123\\">
                                    Abc
                                  </option>
                                  <option value=\\"741\\">
                                    SL
                                  </option>
                                </select>
                                <span className=\\"notranslate c-svg__icon c-select-custom__arrow\\" aria-hidden=\\"true\\" dangerouslySetInnerHTML={{...}} />
                              </div>
                            </SelectContainer>
                          </label>
                        </div>
                        <div className=\\"schedule-finder__submit text-right\\">
                          <input className=\\"btn btn-primary\\" type=\\"submit\\" value=\\"Get schedules\\" />
                        </div>
                      </form>
                    </Component>
                  </div>
                  <div className=\\"callout text-center u-bold\\">
                    There are no scheduled trips for 
                    December 5, 2019
                    .
                  </div>
                  <DailySchedule stopId=\\"place-welln\\" services={{...}} routeId=\\"Orange\\" directionId={0} routePatterns={{...}} today=\\"2019-12-05\\">
                    <h3>
                      Daily Schedule
                    </h3>
                    <SchedulesSelect sortedServices={{...}} todayServiceId=\\"\\" defaultSelectedServiceId=\\"BUS319-J-Wdy-02\\" todayDate={{...}} onSelectService={[Function: onSelectService]}>
                      <div className=\\"schedule-finder__service-selector\\">
                        <label htmlFor=\\"service_selector\\" className=\\"sr-only\\">
                          Schedules
                        </label>
                        <SelectContainer>
                          <div tabIndex={0} className=\\"c-select-custom__container \\" role=\\"button\\" onClick={[Function: onClick]} onKeyUp={[Function: onKeyUp]}>
                            <select id=\\"service_selector\\" className=\\"c-select-custom text-center u-bold\\" defaultValue=\\"BUS319-J-Wdy-02\\" onChange={[Function: onChange]}>
                              <ServiceOptGroup label=\\"Other Schedules\\" services={{...}} multipleWeekdays={false} todayServiceId=\\"\\">
                                <optgroup label=\\"Other Schedules\\">
                                  <option value=\\"BUS319-J-Wdy-02\\">
                                    Weekday schedule, Jul 8 to Aug 30
                                  </option>
                                  <option value=\\"BUS319-K-Sa-02\\">
                                    Saturday schedule, Jul 13 to Aug 31
                                  </option>
                                  <option value=\\"BUS319-L-Su-02\\">
                                    Sunday schedule, Jul 14 to Aug 25
                                  </option>
                                </optgroup>
                              </ServiceOptGroup>
                            </select>
                            <span className=\\"notranslate c-svg__icon c-select-custom__arrow\\" aria-hidden=\\"true\\" dangerouslySetInnerHTML={{...}} />
                          </div>
                        </SelectContainer>
                      </div>
                    </SchedulesSelect>
                    <Loading>
                      <div className=\\"c-spinner__container\\">
                        <div className=\\"c-spinner\\">
                          Loading...
                        </div>
                      </div>
                    </Loading>
                  </DailySchedule>
                </ScheduleModalContent>
              </div>
            </div>
          </aside>
        </Portal>
      </ModalContent>
    </Modal>
  </WrappedModal>
</Component>"
`;
