// Jest Snapshot v1, https://goo.gl/fbAQLP

exports[`LineDiagramWithStops renders and matches snapshot 1`] = `
"<Provider store={{...}}>
  <LineDiagramWithStops stops={{...}} handleStopClick={[Function: handleStopClick]} liveData={{...}}>
    <ol className=\\"m-schedule-diagram\\">
      <Diagram lineDiagram={{...}} liveData={{...}}>
        <svg xmlns=\\"http://www.w3.org/2000/svg\\" role=\\"img\\" aria-labelledby=\\"diagram-title diagram-desc\\" className=\\"line-diagram-svg bus\\" width=\\"28px\\" height=\\"100%\\">
          <title id=\\"diagram-title\\">
            Line diagram for
             
            route 1
          </title>
          <desc id=\\"diagram-desc\\">
            4 stops going Outbound to Begin
          </desc>
          <Line from={{...}} to={{...}}>
            <line className=\\"line-diagram-svg__line\\" strokeWidth=\\"8px\\" x1=\\"9px\\" x2=\\"9px\\" y1=\\"30px\\" y2=\\"50px\\" />
          </Line>
          <Line from={{...}} to={{...}}>
            <line className=\\"line-diagram-svg__line\\" strokeWidth=\\"8px\\" x1=\\"9px\\" x2=\\"9px\\" y1=\\"50px\\" y2=\\"70px\\" />
          </Line>
          <Line from={{...}} to={{...}}>
            <line className=\\"line-diagram-svg__line\\" strokeWidth=\\"8px\\" x1=\\"9px\\" x2=\\"9px\\" y1=\\"70px\\" y2=\\"90px\\" />
          </Line>
          <Stop stop={{...}}>
            <circle className=\\"line-diagram-svg__stop\\" r=\\"4px\\" cx=\\"10px\\" cy=\\"30px\\" />
          </Stop>
          <Stop stop={{...}}>
            <circle className=\\"line-diagram-svg__stop\\" r=\\"4px\\" cx=\\"10px\\" cy=\\"50px\\" />
          </Stop>
          <Stop stop={{...}}>
            <circle className=\\"line-diagram-svg__stop\\" r=\\"4px\\" cx=\\"10px\\" cy=\\"70px\\" />
          </Stop>
          <Stop stop={{...}}>
            <circle className=\\"line-diagram-svg__stop\\" r=\\"4px\\" cx=\\"10px\\" cy=\\"90px\\" />
          </Stop>
        </svg>
      </Diagram>
      <StopCard stop={{...}} onClick={[Function: handleStopClick]} liveData={[undefined]}>
        <li className=\\"m-schedule-diagram__stop\\" style={{...}}>
          <section className=\\"m-schedule-diagram__content\\">
            <header className=\\"m-schedule-diagram__stop-heading\\">
              <h4 className=\\"m-schedule-diagram__stop-link\\">
                <a href=\\"/stops/line-origin\\">
                  <MatchHighlight text=\\"Origin\\" matchQuery={[undefined]}>
                    <span>
                      Origin
                    </span>
                  </MatchHighlight>
                </a>
              </h4>
              <div className=\\"m-schedule-diagram__features\\">
                <Component tooltipText=\\"Parking\\" tooltipOptions={{...}}>
                  <span href={[undefined]} data-toggle=\\"tooltip\\" data-trigger=\\"hover focus\\" data-placement=\\"bottom\\" data-animation={true} data-html={false} data-selector=\\"true\\" data-original-title=\\"Parking\\" title=\\"Parking\\">
                    <span className=\\"notranslate c-svg__icon-parking-default m-schedule-diagram__feature-icon\\" aria-hidden=\\"false\\" dangerouslySetInnerHTML={{...}} />
                  </span>
                </Component>
              </div>
            </header>
            <div className=\\"m-schedule-diagram__stop-details\\">
              <div className=\\"m-schedule-diagram__connections\\" />
            </div>
            <footer className=\\"m-schedule-diagram__footer\\">
              <button className=\\"btn btn-link\\" type=\\"button\\" onClick={[Function: onClick]}>
                View schedule
              </button>
            </footer>
          </section>
        </li>
      </StopCard>
      <StopCard stop={{...}} onClick={[Function: handleStopClick]} liveData={[undefined]}>
        <li className=\\"m-schedule-diagram__stop\\" style={{...}}>
          <section className=\\"m-schedule-diagram__content\\">
            <header className=\\"m-schedule-diagram__stop-heading\\">
              <h4 className=\\"m-schedule-diagram__stop-link\\">
                <a href=\\"/stops/line-stop1\\">
                  <span className=\\"notranslate c-svg__icon-alerts-triangle\\" aria-hidden=\\"false\\" dangerouslySetInnerHTML={{...}} />
                  <span className=\\"sr-only\\">
                    Service alert or delay
                  </span>
                   
                  <MatchHighlight text=\\"Stop 1\\" matchQuery={[undefined]}>
                    <span>
                      Stop 1
                    </span>
                  </MatchHighlight>
                </a>
              </h4>
              <div className=\\"m-schedule-diagram__features\\" />
            </header>
            <div className=\\"m-schedule-diagram__stop-details\\">
              <div className=\\"m-schedule-diagram__connections\\">
                <Component href=\\"/schedules/Orange/line\\" tooltipText=\\"Orange Line\\" tooltipOptions={{...}}>
                  <a href=\\"/schedules/Orange/line\\" data-toggle=\\"tooltip\\" data-trigger=\\"hover focus\\" data-placement=\\"bottom\\" data-animation={false} data-html={false} data-selector=\\"true\\" data-original-title=\\"Orange Line\\" title=\\"Orange Line\\">
                    <span className=\\"m-schedule-diagram__connection\\">
                      <span className=\\"notranslate c-svg__icon\\" aria-hidden=\\"false\\" dangerouslySetInnerHTML={{...}} />
                    </span>
                  </a>
                </Component>
                <Component href=\\"/schedules/Green-C/line\\" tooltipText=\\"Green Line C\\" tooltipOptions={{...}}>
                  <a href=\\"/schedules/Green-C/line\\" data-toggle=\\"tooltip\\" data-trigger=\\"hover focus\\" data-placement=\\"bottom\\" data-animation={false} data-html={false} data-selector=\\"true\\" data-original-title=\\"Green Line C\\" title=\\"Green Line C\\">
                    <span className=\\"m-schedule-diagram__connection\\">
                      <span className=\\"notranslate c-svg__icon\\" aria-hidden=\\"false\\" dangerouslySetInnerHTML={{...}} />
                    </span>
                  </a>
                </Component>
              </div>
            </div>
            <footer className=\\"m-schedule-diagram__footer\\">
              <button className=\\"btn btn-link\\" type=\\"button\\" onClick={[Function: onClick]}>
                View schedule
              </button>
            </footer>
          </section>
        </li>
      </StopCard>
      <StopCard stop={{...}} onClick={[Function: handleStopClick]} liveData={[undefined]}>
        <li className=\\"m-schedule-diagram__stop\\" style={{...}}>
          <section className=\\"m-schedule-diagram__content\\">
            <header className=\\"m-schedule-diagram__stop-heading\\">
              <h4 className=\\"m-schedule-diagram__stop-link\\">
                <a href=\\"/stops/line-stop2\\">
                  <span className=\\"notranslate c-svg__icon-alerts-triangle\\" aria-hidden=\\"false\\" dangerouslySetInnerHTML={{...}} />
                  <span className=\\"sr-only\\">
                    Service alert or delay
                  </span>
                   
                  <MatchHighlight text=\\"Stop 2\\" matchQuery={[undefined]}>
                    <span>
                      Stop 2
                    </span>
                  </MatchHighlight>
                </a>
              </h4>
              <div className=\\"m-schedule-diagram__features\\">
                <Component tooltipText=\\"Accessible\\" tooltipOptions={{...}}>
                  <span href={[undefined]} data-toggle=\\"tooltip\\" data-trigger=\\"hover focus\\" data-placement=\\"bottom\\" data-animation={true} data-html={false} data-selector=\\"true\\" data-original-title=\\"Accessible\\" title=\\"Accessible\\">
                    <span className=\\"notranslate c-svg__icon-acessible-default m-schedule-diagram__feature-icon\\" aria-hidden=\\"false\\" dangerouslySetInnerHTML={{...}} />
                  </span>
                </Component>
              </div>
            </header>
            <div className=\\"m-schedule-diagram__stop-details\\">
              <div className=\\"m-schedule-diagram__connections\\">
                <Component href=\\"/schedules/62/line\\" tooltipText=\\"Route 62\\" tooltipOptions={{...}}>
                  <a href=\\"/schedules/62/line\\" data-toggle=\\"tooltip\\" data-trigger=\\"hover focus\\" data-placement=\\"bottom\\" data-animation={false} data-html={false} data-selector=\\"true\\" data-original-title=\\"Route 62\\" title=\\"Route 62\\">
                    <span className=\\"c-icon__bus-pill--small m-schedule-diagram__connection u-bg--bus\\">
                      62
                    </span>
                  </a>
                </Component>
                <Component href=\\"/schedules/67/line\\" tooltipText=\\"Route 67\\" tooltipOptions={{...}}>
                  <a href=\\"/schedules/67/line\\" data-toggle=\\"tooltip\\" data-trigger=\\"hover focus\\" data-placement=\\"bottom\\" data-animation={false} data-html={false} data-selector=\\"true\\" data-original-title=\\"Route 67\\" title=\\"Route 67\\">
                    <span className=\\"c-icon__bus-pill--small m-schedule-diagram__connection u-bg--bus\\">
                      67
                    </span>
                  </a>
                </Component>
              </div>
            </div>
            <footer className=\\"m-schedule-diagram__footer\\">
              <button className=\\"btn btn-link\\" type=\\"button\\" onClick={[Function: onClick]}>
                View schedule
              </button>
            </footer>
          </section>
        </li>
      </StopCard>
      <StopCard stop={{...}} onClick={[Function: handleStopClick]} liveData={[undefined]}>
        <li className=\\"m-schedule-diagram__stop\\" style={{...}}>
          <section className=\\"m-schedule-diagram__content\\">
            <header className=\\"m-schedule-diagram__stop-heading\\">
              <h4 className=\\"m-schedule-diagram__stop-link\\">
                <a href=\\"/stops/line-destination\\">
                  <MatchHighlight text=\\"Destination\\" matchQuery={[undefined]}>
                    <span>
                      Destination
                    </span>
                  </MatchHighlight>
                </a>
              </h4>
              <div className=\\"m-schedule-diagram__features\\">
                <Component tooltipText=\\"Parking\\" tooltipOptions={{...}}>
                  <span href={[undefined]} data-toggle=\\"tooltip\\" data-trigger=\\"hover focus\\" data-placement=\\"bottom\\" data-animation={true} data-html={false} data-selector=\\"true\\" data-original-title=\\"Parking\\" title=\\"Parking\\">
                    <span className=\\"notranslate c-svg__icon-parking-default m-schedule-diagram__feature-icon\\" aria-hidden=\\"false\\" dangerouslySetInnerHTML={{...}} />
                  </span>
                </Component>
                <Component tooltipText=\\"Accessible\\" tooltipOptions={{...}}>
                  <span href={[undefined]} data-toggle=\\"tooltip\\" data-trigger=\\"hover focus\\" data-placement=\\"bottom\\" data-animation={true} data-html={false} data-selector=\\"true\\" data-original-title=\\"Accessible\\" title=\\"Accessible\\">
                    <span className=\\"notranslate c-svg__icon-acessible-default m-schedule-diagram__feature-icon\\" aria-hidden=\\"false\\" dangerouslySetInnerHTML={{...}} />
                  </span>
                </Component>
              </div>
            </header>
            <div className=\\"m-schedule-diagram__stop-details\\">
              <div className=\\"m-schedule-diagram__connections\\">
                <Component href=\\"/schedules/BOAT-A/line\\" tooltipText=\\"Atlantis\\" tooltipOptions={{...}}>
                  <a href=\\"/schedules/BOAT-A/line\\" data-toggle=\\"tooltip\\" data-trigger=\\"hover focus\\" data-placement=\\"bottom\\" data-animation={false} data-html={false} data-selector=\\"true\\" data-original-title=\\"Atlantis\\" title=\\"Atlantis\\">
                    <span className=\\"m-schedule-diagram__connection\\">
                      <span className=\\"notranslate c-svg__icon-bus-small\\" aria-hidden=\\"false\\" dangerouslySetInnerHTML={{...}} />
                    </span>
                  </a>
                </Component>
              </div>
            </div>
            <footer className=\\"m-schedule-diagram__footer\\">
              <button className=\\"btn btn-link\\" type=\\"button\\" onClick={[Function: onClick]}>
                View schedule
              </button>
            </footer>
          </section>
        </li>
      </StopCard>
    </ol>
  </LineDiagramWithStops>
</Provider>"
`;
