// Jest Snapshot v1, https://goo.gl/fbAQLP

exports[`StopPredictions renders bus predictions 1`] = `
<div
  className="m-schedule-diagram__predictions"
>
  <div
    className="m-schedule-diagram__prediction notranslate"
  >
    <div>
      Harvard
    </div>
    <div
      className="m-schedule-diagram__prediction-time"
    >
      6   min
    </div>
    <div
      className="m-schedule-diagram__prediction-crowding"
    >
      <span
        aria-hidden="true"
        className="notranslate c-svg__icon c-icon__crowding c-icon__crowding--crowding_unavailable"
        dangerouslySetInnerHTML={
          Object {
            "__html": "SVG",
          }
        }
      />
    </div>
  </div>
</div>
`;

exports[`StopPredictions renders commuter rail predictions 1`] = `
<div
  className="m-schedule-diagram__predictions"
>
  <div>
    <div
      className="m-schedule-diagram__cr-prediction"
    >
      <div
        className="m-schedule-diagram__cr-prediction-time"
      >
        6 min
      </div>
    </div>
    <div
      className="m-schedule-diagram__cr-prediction-details"
    >
      <span>
        Worcester
      </span>
      <span>
         · Train 7519
      </span>
      <span>
         · On time
      </span>
    </div>
  </div>
</div>
`;
