// Jest Snapshot v1, https://goo.gl/fbAQLP

exports[`renders 1`] = `
<div
  className="m-route-pills"
>
  <div
    className="m-route-pills--subway"
  >
    <a
      className="
      m-stop-page__header-feature
      m-stop-page__header-description
      u-small-caps
      
      u-bg--red-line
    "
      href="/schedules/Red"
      rel="noreferrer"
      target="_self"
    >
      Red Line
    </a>
  </div>
  <div
    className="m-route-pills--bus"
  >
    <a
      className="
      m-stop-page__header-feature
      m-stop-page__header-description
      u-small-caps
      
      u-bg--silver-line
    "
      href="/schedules/741"
      rel="noreferrer"
      target="_self"
    >
      SL1
    </a>
    <a
      className="
      m-stop-page__header-feature
      m-stop-page__header-description
      u-small-caps
      
      u-bg--silver-line
    "
      href="/schedules/742"
      rel="noreferrer"
      target="_self"
    >
      SL2
    </a>
    <a
      className="
      m-stop-page__header-feature
      m-stop-page__header-description
      u-small-caps
      
      u-bg--silver-line
    "
      href="/schedules/743"
      rel="noreferrer"
      target="_self"
    >
      SL3
    </a>
  </div>
  <div
    className="m-route-pills--commuter_rail"
  >
    <a
      className="
      m-stop-page__header-feature
      m-stop-page__header-description
      u-small-caps
      
      u-bg--commuter-rail
    "
      href="/schedules/CR-Fairmount"
      rel="noreferrer"
      target="_self"
    >
      Fairmount Line
    </a>
    <a
      className="
      m-stop-page__header-feature
      m-stop-page__header-description
      u-small-caps
      
      u-bg--commuter-rail
    "
      href="/schedules/CR-Worcester"
      rel="noreferrer"
      target="_self"
    >
      Framingham/​Worcester Line
    </a>
    <a
      className="
      m-stop-page__header-feature
      m-stop-page__header-description
      u-small-caps
      
      u-bg--commuter-rail
    "
      href="/schedules/CR-Franklin"
      rel="noreferrer"
      target="_self"
    >
      Franklin Line
    </a>
    <a
      className="
      m-stop-page__header-feature
      m-stop-page__header-description
      u-small-caps
      
      u-bg--commuter-rail
    "
      href="/schedules/CR-Greenbush"
      rel="noreferrer"
      target="_self"
    >
      Greenbush Line
    </a>
    <a
      className="
      m-stop-page__header-feature
      m-stop-page__header-description
      u-small-caps
      
      u-bg--commuter-rail
    "
      href="/schedules/CR-Kingston"
      rel="noreferrer"
      target="_self"
    >
      Kingston/​Plymouth Line
    </a>
    <a
      className="
      m-stop-page__header-feature
      m-stop-page__header-description
      u-small-caps
      
      u-bg--commuter-rail
    "
      href="/schedules/CR-Middleborough"
      rel="noreferrer"
      target="_self"
    >
      Middleborough/​Lakeville Line
    </a>
    <a
      className="
      m-stop-page__header-feature
      m-stop-page__header-description
      u-small-caps
      
      u-bg--commuter-rail
    "
      href="/schedules/CR-Needham"
      rel="noreferrer"
      target="_self"
    >
      Needham Line
    </a>
    <a
      className="
      m-stop-page__header-feature
      m-stop-page__header-description
      u-small-caps
      
      u-bg--commuter-rail
    "
      href="/schedules/CR-Providence"
      rel="noreferrer"
      target="_self"
    >
      Providence/​Stoughton Line
    </a>
  </div>
</div>
`;

exports[`renders a ferry route 1`] = `
<div
  className="m-route-pills"
>
  <div
    className="m-route-pills--ferry"
  >
    <a
      className="
      m-stop-page__header-feature
      m-stop-page__header-description
      u-small-caps
      
      u-bg--ferry
    "
      href="/schedules/Boat-F4"
      rel="noreferrer"
      target="_self"
    >
      Charlestown Ferry
    </a>
  </div>
</div>
`;
