// Jest Snapshot v1, https://goo.gl/fbAQLP

exports[`StopPageDepartures renders with data 1`] = `<DocumentFragment />`;

exports[`StopPageDepartures renders with data 2`] = `
<DocumentFragment>
  <div
    class="routes"
  >
    <div
      class="departure-filters"
    >
      <button
        class="
            btn btn-secondary active
        "
        type="button"
      >
         All
      </button>
      <button
        class="
            btn btn-secondary inactive
        "
        type="button"
      >
        <span
          aria-hidden="false"
          class="notranslate c-svg__icon"
        >
          SVG
        </span>
         Subway
      </button>
      <button
        class="
            btn btn-secondary inactive
        "
        type="button"
      >
        <span
          aria-hidden="false"
          class="notranslate c-svg__icon"
        >
          SVG
        </span>
         Bus
      </button>
    </div>
    <ul
      class="stop-departures list-unstyled"
    >
      <li
        class="departure-card"
      >
        <a
          class="departure-card__route u-bg--red-line notranslate"
          data-turbolinks="false"
          href="/schedules/Red"
        >
          <span
            aria-hidden="true"
            class="notranslate c-svg__icon"
          >
            SVG
          </span>
           
          <span
            class=""
          >
            Red Route
          </span>
        </a>
        <div
          aria-label="Open upcoming departures to Braintree"
          class="departure-card__headsign d-flex"
          role="button"
          tabindex="0"
        >
          <div
            class="departure-card__headsign-name notranslate"
          >
            Braintree
          </div>
          <div
            class="departure-card__content"
          >
            <div
              class="font-helvetica-neue fs-14 u-nowrap"
            >
              No more trips today
            </div>
          </div>
          <div>
            <i
              aria-hidden="true"
              class="fa fa-angle-right notranslate fa-fw"
            />
          </div>
        </div>
        <div
          aria-label="Open upcoming departures to Ashmont"
          class="departure-card__headsign d-flex"
          role="button"
          tabindex="0"
        >
          <div
            class="departure-card__headsign-name notranslate"
          >
            Ashmont
          </div>
          <div
            class="departure-card__content"
          >
            <div
              class="font-helvetica-neue fs-14 u-nowrap"
            >
              No more trips today
            </div>
          </div>
          <div>
            <i
              aria-hidden="true"
              class="fa fa-angle-right notranslate fa-fw"
            />
          </div>
        </div>
        <div
          aria-label="Open upcoming departures to Alewife"
          class="departure-card__headsign d-flex"
          role="button"
          tabindex="0"
        >
          <div
            class="departure-card__headsign-name notranslate"
          >
            Alewife
          </div>
          <div
            class="departure-card__content"
          >
            <div
              class="font-helvetica-neue fs-14 u-nowrap"
            >
              No more trips today
            </div>
          </div>
          <div>
            <i
              aria-hidden="true"
              class="fa fa-angle-right notranslate fa-fw"
            />
          </div>
        </div>
      </li>
      <li
        class="departure-card"
      >
        <a
          class="departure-card__route u-bg--bus notranslate"
          data-turbolinks="false"
          href="/schedules/16"
        >
          <span
            aria-hidden="true"
            class="notranslate c-svg__icon"
          >
            SVG
          </span>
           
          <span
            class="bus-route-sign"
          >
            16 Route
          </span>
        </a>
        <div
          aria-label="Open upcoming departures to Harbor Point"
          class="departure-card__headsign d-flex"
          role="button"
          tabindex="0"
        >
          <div
            class="departure-card__headsign-name notranslate"
          >
            Harbor Point
          </div>
          <div
            class="departure-card__content"
          >
            <div
              class="font-helvetica-neue fs-14 u-nowrap"
            >
              No more trips today
            </div>
          </div>
          <div>
            <i
              aria-hidden="true"
              class="fa fa-angle-right notranslate fa-fw"
            />
          </div>
        </div>
      </li>
    </ul>
  </div>
</DocumentFragment>
`;

exports[`StopPageDepartures renders with no data 1`] = `<DocumentFragment />`;

exports[`StopPageDepartures renders with no data 2`] = `
<DocumentFragment>
  <div
    class="routes"
  >
    <ul
      class="stop-departures list-unstyled"
    />
  </div>
</DocumentFragment>
`;
