// Jest Snapshot v1, https://goo.gl/fbAQLP

exports[`ServiceOptGroup renders 1`] = `
<optgroup
  label="Group label"
>
  <option
    aria-label="Group label Weekday schedule, Test Rating"
    value="BUS319-O-Wdy-02"
  >
    Weekday schedule, Test Rating
  </option>
  <option
    aria-label="Group label Weekday schedule, Test Rating"
    value="BUS319-D-Wdy-02"
  >
    Weekday schedule, Test Rating
  </option>
  <option
    aria-label="Group label Saturday schedule, Test Rating"
    value="BUS319-P-Sa-02"
  >
    Saturday schedule, Test Rating
  </option>
  <option
    aria-label="Group label Sunday schedule, Test Rating"
    value="BUS319-Q-Su-02"
  >
    Sunday schedule, Test Rating
  </option>
  <option
    aria-label="Group label Bastille Day Eve, Jul 13"
    value="BastilleDayEve"
  >
    Bastille Day Eve, Jul 13
  </option>
  <option
    aria-label="Group label Bastille Day, Jul 14"
    value="BastilleDay"
  >
    Bastille Day, Jul 14
  </option>
  <option
    aria-label="Group label Jul 15"
    value="2019-07-15"
  >
    Jul 15
  </option>
  <option
    aria-label="Group label Storm (reduced service)"
    value="BUS319-storm"
  >
    Storm (reduced service)
  </option>
  <option
    aria-label="Group label Another service, Test Future Rating"
    value="weekday2020"
  >
    Another service, Test Future Rating
  </option>
  <option
    aria-label="Group label Ferry service"
    value="weekday2019"
  >
    Ferry service
  </option>
  <option
    aria-label="Group label CR service, Test Future Service Incomplete Rating"
    value="weekday2020-2"
  >
    CR service, Test Future Service Incomplete Rating
  </option>
</optgroup>
`;
